// Jest Snapshot v1, https://goo.gl/fbAQLP

exports[`Breadcrumb coverage matches snapshot with Home page route 1`] = `<DocumentFragment />`;

exports[`Breadcrumb coverage matches snapshot with Product page route 1`] = `
<DocumentFragment>
  <nav>
    <ol
      class="inline-flex gap-x-1 place-items-center"
    >
      <li>
        <a
          href="/"
        >
          home route
        </a>
      </li>
      <li>
        <svg
          class="w-5 h-5"
          fill="currentColor"
          viewBox="0 0 24 24"
          xmlns="http://www.w3.org/2000/svg"
        >
          <path
            clip-rule="evenodd"
            d="M16.28 11.47a.75.75 0 010 1.06l-7.5 7.5a.75.75 0 01-1.06-1.06L14.69 12 7.72 5.03a.75.75 0 011.06-1.06l7.5 7.5z"
            fill-rule="evenodd"
          />
        </svg>
      </li>
      <li>
        <span
          class="breadcrumb-item breadcrumb-item--last"
        >
          product route
        </span>
      </li>
    </ol>
  </nav>
</DocumentFragment>
`;
