// Jest Snapshot v1, https://goo.gl/fbAQLP

exports[`Home coverage matches snapshot 1`] = `
<DocumentFragment>
  <div
    class="container mx-auto px-4"
    data-testid="home-page-component"
  >
    <div
      class="grid grid-cols-2 md:grid-cols-3 lg:grid-cols-4 gap-y-8 justify-center"
      data-testid="productlist-component"
    />
  </div>
</DocumentFragment>
`;
